2026-06-14 09:10:06 INFO research_news: collecting papers for 2026-06-14 ...
2026-06-14 09:10:06 INFO research_news.scrapers.arxiv: using arXiv RSS for today's announcements
2026-06-14 09:10:07 INFO research_news.scrapers.arxiv: arxiv RSS stat.ME: 0 papers
2026-06-14 09:10:09 INFO research_news.scrapers.arxiv: arxiv RSS stat.TH: 0 papers
2026-06-14 09:10:12 INFO research_news.scrapers.arxiv: arxiv RSS math.ST: 0 papers
2026-06-14 09:10:15 INFO research_news.scrapers.arxiv: arxiv RSS econ.EM: 0 papers
2026-06-14 09:10:18 INFO research_news.scrapers.arxiv: arxiv RSS astro-ph.IM: 0 papers
2026-06-14 09:10:18 INFO research_news: collected 0 papers before dedup
2026-06-14 09:10:18 INFO research_news: 0 papers after dedup
2026-06-14 09:10:18 INFO research_news: collecting events ...
2026-06-14 09:10:18 INFO research_news: looking up institutions for 0 digest papers ...
2026-06-14 09:12:13 INFO research_news.scrapers.affiliations: OpenAlex affiliation lookup failed for 10.48550/arXiv.2606.00887: HTTP 404 (work not indexed yet?)
2026-06-14 09:12:34 INFO research_news.scrapers.affiliations: OpenAlex affiliation lookup failed for 10.48550/arXiv.2409.07233: HTTP 404 (work not indexed yet?)
2026-06-14 09:12:36 INFO research_news.scrapers.affiliations: OpenAlex affiliation lookup failed for 10.48550/arXiv.2403.02539: HTTP 404 (work not indexed yet?)
2026-06-14 09:12:37 INFO research_news.scrapers.affiliations: OpenAlex affiliation lookup failed for 10.48550/arXiv.2412.00926: HTTP 404 (work not indexed yet?)
2026-06-14 09:12:38 INFO research_news.scrapers.affiliations: OpenAlex affiliation lookup failed for 10.48550/arXiv.2412.20509: HTTP 404 (work not indexed yet?)
2026-06-14 09:12:38 INFO research_news.scrapers.affiliations: OpenAlex affiliation lookup failed for 10.48550/arXiv.2512.14504: HTTP 404 (work not indexed yet?)
2026-06-14 09:12:39 INFO research_news.scrapers.affiliations: OpenAlex affiliation lookup failed for 10.48550/arXiv.2401.06082: HTTP 404 (work not indexed yet?)
2026-06-14 09:12:39 INFO research_news.scrapers.affiliations: OpenAlex affiliation lookup failed for 10.48550/arXiv.2412.08828: HTTP 404 (work not indexed yet?)
2026-06-14 09:12:46 INFO research_news.scrapers.affiliations: OpenAlex affiliation lookup failed for 10.48550/arXiv.2406.00940: HTTP 404 (work not indexed yet?)
2026-06-14 09:12:47 INFO research_news.scrapers.affiliations: OpenAlex affiliation lookup failed for 10.48550/arXiv.2410.08849: HTTP 404 (work not indexed yet?)
2026-06-14 09:12:47 INFO research_news.scrapers.affiliations: OpenAlex affiliation lookup failed for 10.48550/arXiv.2412.09304: HTTP 404 (work not indexed yet?)
2026-06-14 09:12:48 INFO research_news.scrapers.affiliations: OpenAlex affiliation lookup failed for 10.48550/arXiv.2410.02941: HTTP 404 (work not indexed yet?)
2026-06-14 09:12:49 INFO research_news.scrapers.affiliations: OpenAlex affiliation lookup failed for 10.48550/arXiv.2411.02123: HTTP 404 (work not indexed yet?)
2026-06-14 09:12:50 INFO research_news.scrapers.affiliations: OpenAlex affiliation lookup failed for 10.48550/arXiv.2501.08231: HTTP 404 (work not indexed yet?)
2026-06-14 09:12:52 INFO research_news.scrapers.affiliations: OpenAlex affiliation lookup failed for 10.48550/arXiv.2505.16047: HTTP 404 (work not indexed yet?)
2026-06-14 09:12:52 INFO research_news.scrapers.affiliations: OpenAlex affiliation lookup failed for 10.48550/arXiv.2406.13111: HTTP 404 (work not indexed yet?)
2026-06-14 09:12:54 INFO research_news.scrapers.affiliations: OpenAlex affiliation lookup failed for 10.48550/arXiv.2412.02945: HTTP 404 (work not indexed yet?)
2026-06-14 09:12:54 INFO research_news.scrapers.affiliations: OpenAlex affiliation lookup failed for 10.48550/arXiv.2504.03480: HTTP 404 (work not indexed yet?)
2026-06-14 09:12:55 INFO research_news.scrapers.affiliations: OpenAlex affiliation lookup failed for 10.48550/arXiv.2504.17195: HTTP 404 (work not indexed yet?)
2026-06-14 09:12:56 INFO research_news.scrapers.affiliations: OpenAlex affiliation lookup failed for 10.48550/arXiv.2411.10858: HTTP 404 (work not indexed yet?)
2026-06-14 09:12:57 INFO research_news.scrapers.affiliations: OpenAlex affiliation lookup failed for 10.48550/arXiv.2503.24146: HTTP 404 (work not indexed yet?)
2026-06-14 09:12:57 INFO research_news.scrapers.affiliations: OpenAlex affiliation lookup failed for 10.48550/arXiv.2406.05262: HTTP 404 (work not indexed yet?)
2026-06-14 09:12:58 INFO research_news.scrapers.affiliations: OpenAlex affiliation lookup failed for 10.48550/arXiv.2504.12288: HTTP 404 (work not indexed yet?)
2026-06-14 09:12:58 INFO research_news.scrapers.affiliations: OpenAlex affiliation lookup failed for 10.48550/arXiv.2503.01657: HTTP 404 (work not indexed yet?)
2026-06-14 09:13:04 INFO research_news.scrapers.affiliations: OpenAlex affiliation lookup failed for 10.48550/arXiv.2110.11736: HTTP 404 (work not indexed yet?)
2026-06-14 09:13:05 INFO research_news.scrapers.affiliations: OpenAlex affiliation lookup failed for 10.48550/arXiv.2311.05649: HTTP 404 (work not indexed yet?)
2026-06-14 09:13:22 INFO research_news.scrapers.affiliations: OpenAlex affiliation lookup failed for 10.3982/qe2544: HTTP 404 (work not indexed yet?)
2026-06-14 09:13:23 INFO research_news.scrapers.affiliations: OpenAlex affiliation lookup failed for 10.3982/qe1809: HTTP 404 (work not indexed yet?)
2026-06-14 09:13:24 INFO research_news.scrapers.affiliations: OpenAlex affiliation lookup failed for 10.48550/arXiv.2007.10432: HTTP 404 (work not indexed yet?)
2026-06-14 09:13:26 INFO research_news.scrapers.affiliations: OpenAlex affiliation lookup failed for 10.48550/arXiv.2405.18089: HTTP 404 (work not indexed yet?)
2026-06-14 09:13:27 INFO research_news.scrapers.affiliations: OpenAlex affiliation lookup failed for 10.48550/arXiv.2305.01435: HTTP 404 (work not indexed yet?)
2026-06-14 09:13:33 INFO research_news.scrapers.affiliations: OpenAlex affiliation lookup failed for 10.3982/ecta21849: HTTP 404 (work not indexed yet?)
2026-06-14 09:13:33 INFO research_news.scrapers.affiliations: OpenAlex affiliation lookup failed for 10.3982/ecta24060: HTTP 404 (work not indexed yet?)
2026-06-14 09:13:34 INFO research_news.scrapers.affiliations: OpenAlex affiliation lookup failed for 10.3982/ecta19350: HTTP 404 (work not indexed yet?)
2026-06-14 09:13:36 INFO research_news.scrapers.affiliations: OpenAlex affiliation lookup failed for 10.48550/arXiv.2505.15202: HTTP 404 (work not indexed yet?)
2026-06-14 09:13:37 INFO research_news.scrapers.affiliations: OpenAlex affiliation lookup failed for 10.48550/arXiv.2506.22004: HTTP 404 (work not indexed yet?)
2026-06-14 09:13:40 INFO research_news.scrapers.affiliations: OpenAlex affiliation lookup failed for 10.48550/arXiv.2402.09456: HTTP 404 (work not indexed yet?)
2026-06-14 09:13:41 INFO research_news.scrapers.affiliations: OpenAlex affiliation lookup failed for 10.48550/arXiv.2409.02327: HTTP 404 (work not indexed yet?)
2026-06-14 09:13:42 INFO research_news.scrapers.affiliations: OpenAlex affiliation lookup failed for 10.48550/arXiv.2507.18147: HTTP 404 (work not indexed yet?)
2026-06-14 09:13:45 INFO research_news.scrapers.affiliations: OpenAlex affiliation lookup failed for 10.48550/arXiv.2506.12218: HTTP 404 (work not indexed yet?)
2026-06-14 09:13:48 INFO research_news.scrapers.affiliations: OpenAlex affiliation lookup failed for 10.48550/arXiv.2504.20391: HTTP 404 (work not indexed yet?)
2026-06-14 09:13:53 INFO research_news.backfill_institutions: institution backfill hit lookup budget (400)
2026-06-14 09:13:53 INFO research_news: wrote docs/daily/2026-06-14.md
