**********************
Windows PowerShell 脚本开始
开始时间: 20260710095733
用户名: SJTU-CXY\12257
RunAs 用户: SJTU-CXY\12257
配置名称: 
计算机: SJTU-CXY (Microsoft Windows NT 10.0.26200.0)
主机应用程序: powershell.exe -NoProfile -ExecutionPolicy Bypass -File C:\Users\12257\Documents\research-news\scripts\catch-up.ps1
进程 ID: 27708
PSVersion: 5.1.26100.8737
PSEdition: Desktop
PSCompatibleVersions: 1.0, 2.0, 3.0, 4.0, 5.0, 5.1.26100.8737
BuildVersion: 10.0.26100.8737
CLRVersion: 4.0.30319.42000
WSManStackVersion: 3.0
PSRemotingProtocolVersion: 2.3
SerializationVersion: 1.1.0.1
**********************
could not acquire the run lock within 90 min - will catch up next boot
**********************
Windows PowerShell 脚本结束
结束时间: 20260710112733
**********************
