2026-07-02 15:38:56 INFO research_news.journals: journals run: groups=['core', 'prob_stats', 'applied', 'econ', 'astro', 'epi', 'ieee'], only=['Biometrics']
2026-07-02 15:38:56 INFO research_news.scrapers.crossref: Crossref: fetching latest 14 issues of Biometrics (ISSN 0006-341X)
2026-07-02 15:39:08 INFO research_news.scrapers.crossref:   got 490 works
2026-07-02 15:39:08 INFO research_news.scrapers.crossref:   taking issues: [(82, 3), (82, 2), (82, 1), (81, 4), (81, 3), (81, 2), (81, 1), (80, 4), (80, 3), (80, 2), (80, 1), (79, 4), (79, 3)]
2026-07-02 15:39:08 INFO research_news.scrapers.crossref:   440 papers in latest issue (filtered 43 discussion/comment items)
2026-07-02 15:39:08 INFO research_news.scrapers.crossref: backfill T2 (S2): 33 papers
2026-07-02 15:47:23 INFO research_news.scrapers.crossref:   T2 filled 0/33
2026-07-02 15:47:23 INFO research_news.scrapers.crossref: backfill T3 (OpenAlex): 33 papers
2026-07-02 15:48:47 INFO research_news.scrapers.crossref:   T3 filled 7/33
2026-07-02 15:48:47 INFO research_news.scrapers.crossref: backfill T4 (arxiv title search): 26 papers
2026-07-02 15:53:01 INFO research_news.scrapers.crossref:   T4 filled 1/26
2026-07-02 15:53:01 INFO research_news.scrapers.crossref: after all backfills: 25/440 still missing abstract
2026-07-02 15:53:01 INFO research_news.journals:   [applied] Biometrics → 440 papers
2026-07-02 15:53:01 INFO research_news.journals: dropped 25 papers with no abstract (Crossref + S2 both empty)
2026-07-02 15:53:01 INFO research_news.journals: dropped 218 papers already in seen_papers.json
2026-07-02 15:53:01 INFO research_news.scrapers.crossref: arxiv link resolution: searching for 197 papers
2026-07-02 16:32:13 INFO research_news.journals: journals run: groups=['core', 'prob_stats', 'applied', 'econ', 'astro', 'epi', 'ieee'], only=['Biometrics']
2026-07-02 16:32:13 INFO research_news.scrapers.crossref: Crossref: fetching latest 14 issues of Biometrics (ISSN 0006-341X)
2026-07-02 16:33:02 INFO research_news.scrapers.crossref:   got 420 works
2026-07-02 16:33:02 INFO research_news.scrapers.crossref:   taking issues: [(82, 3), (82, 2), (82, 1), (81, 4), (81, 3), (81, 2), (81, 1), (80, 4), (80, 3), (80, 2), (80, 1)]
2026-07-02 16:33:02 INFO research_news.scrapers.crossref:   377 papers in latest issue (filtered 36 discussion/comment items)
2026-07-02 16:33:02 INFO research_news.scrapers.crossref: backfill T2 (S2): 24 papers
2026-07-02 16:36:31 INFO research_news.scrapers.crossref:   T2 filled 0/24
2026-07-02 16:36:31 INFO research_news.scrapers.crossref: backfill T3 (OpenAlex): 24 papers
