2026-06-01 21:11:13 INFO research_news.journals: journals run: groups=['astro'], only=all
2026-06-01 21:11:13 INFO research_news.scrapers.crossref: Crossref: fetching latest 12 issues of Monthly Notices of the Royal Astronomical Society (ISSN 0035-8711)
2026-06-01 21:11:18 INFO research_news.scrapers.crossref:   got 420 works
2026-06-01 21:11:18 INFO research_news.scrapers.crossref:   taking issues: [(549, 2), (549, 1), (548, 4), (548, 3), (548, 2), (548, 1)]
2026-06-01 21:11:18 INFO research_news.scrapers.crossref:   314 papers in latest issue (filtered 6 discussion/comment items)
2026-06-01 21:11:18 INFO research_news.journals:   [astro] MNRAS → 314 papers
2026-06-01 21:11:18 INFO research_news.scrapers.crossref: Crossref: fetching latest 12 issues of Astrophysical Journal Supplement Series (ISSN 0067-0049)
2026-06-01 21:11:25 INFO research_news.scrapers.crossref:   got 420 works
2026-06-01 21:11:25 INFO research_news.scrapers.crossref:   taking issues: [(284, 2), (284, 1), (283, 2), (283, 1), (282, 2), (282, 1), (281, 2), (281, 1), (280, 2), (280, 1), (279, 2), (279, 1)]
2026-06-01 21:11:25 INFO research_news.scrapers.crossref:   418 papers in latest issue (filtered 2 discussion/comment items)
2026-06-01 21:11:25 INFO research_news.journals:   [astro] ApJS → 418 papers
2026-06-01 21:11:25 INFO research_news.scrapers.crossref: arxiv link resolution: searching for 732 papers
2026-06-01 21:12:05 INFO research_news.journals: journals run: groups=['astro'], only=all
2026-06-01 21:12:05 INFO research_news.scrapers.crossref: Crossref: fetching latest 12 issues of Monthly Notices of the Royal Astronomical Society (ISSN 0035-8711)
2026-06-01 21:12:14 INFO research_news.scrapers.crossref:   got 420 works
2026-06-01 21:12:14 INFO research_news.scrapers.crossref:   taking issues: [(549, 2), (549, 1), (548, 4), (548, 3), (548, 2), (548, 1)]
2026-06-01 21:12:14 INFO research_news.scrapers.crossref:   314 papers in latest issue (filtered 6 discussion/comment items)
2026-06-01 21:12:14 INFO research_news.journals:   [astro] MNRAS → 314 papers
2026-06-01 21:12:14 INFO research_news.scrapers.crossref: Crossref: fetching latest 12 issues of Astrophysical Journal Supplement Series (ISSN 0067-0049)
2026-06-01 21:12:20 INFO research_news.scrapers.crossref:   got 420 works
2026-06-01 21:12:20 INFO research_news.scrapers.crossref:   taking issues: [(284, 2), (284, 1), (283, 2), (283, 1), (282, 2), (282, 1), (281, 2), (281, 1), (280, 2), (280, 1), (279, 2), (279, 1)]
2026-06-01 21:12:20 INFO research_news.scrapers.crossref:   418 papers in latest issue (filtered 2 discussion/comment items)
2026-06-01 21:12:20 INFO research_news.journals:   [astro] ApJS → 418 papers
2026-06-01 21:12:20 INFO research_news.scrapers.crossref: arxiv link resolution: searching for 732 papers
