**********************
Windows PowerShell 脚本开始
开始时间: 20260706091001
用户名: SJTU-CXY\12257
RunAs 用户: SJTU-CXY\12257
配置名称: 
计算机: SJTU-CXY (Microsoft Windows NT 10.0.26200.0)
主机应用程序: powershell.exe -NoProfile -ExecutionPolicy Bypass -File C:\Users\12257\Documents\research-news\run_daily.ps1
进程 ID: 11488
PSVersion: 5.1.26100.8737
PSEdition: Desktop
PSCompatibleVersions: 1.0, 2.0, 3.0, 4.0, 5.0, 5.1.26100.8737
BuildVersion: 10.0.26100.8737
CLRVersion: 4.0.30319.42000
WSManStackVersion: 3.0
PSRemotingProtocolVersion: 2.3
SerializationVersion: 1.1.0.1
**********************
        docs/deep_reads/2026-07-06-10.1093_biomet_asab030.md
        docs/deep_reads/2026-07-06-10.1093_biomet_asab035.md
        docs/deep_reads/2026-07-06-10.1093_biomet_asab037.md
        docs/deep_reads/2026-07-06-10.1093_biomet_asab038.md
        docs/deep_reads/2026-07-06-10.1093_biomet_asab039.md
        docs/deep_reads/2026-07-06-10.1093_biomet_asab041.md
        docs/deep_reads/2026-07-06-10.1093_biomet_asab042.md
        docs/deep_reads/2026-07-06-10.1093_biomet_asab043.md
        docs/deep_reads/2026-07-06-10.1093_biomet_asab044.md
        docs/deep_reads/2026-07-06-10.1093_biomet_asab045.md
        docs/deep_reads/2026-07-06-10.1093_biomet_asab048.md
        docs/deep_reads/2026-07-06-10.1093_biomet_asab051.md
        docs/deep_reads/2026-07-06-10.1093_biomet_asab052.md
        docs/deep_reads/2026-07-06-10.1093_biomet_asab053.md
        docs/deep_reads/2026-07-06-10.1093_biomet_asab055.md
        docs/deep_reads/2026-07-06-10.1093_biomet_asab057.md
        docs/deep_reads/2026-07-06-10.1093_biomet_asab060.md
        docs/deep_reads/2026-07-06-10.1093_biomet_asab063.md
        docs/deep_reads/2026-07-06-10.1093_biomet_asab064.md
        docs/deep_reads/2026-07-06-10.1093_biomet_asac013.md
        docs/journals/2026-07-06-biometrika-v108-i2.md
        docs/journals/2026-07-0
Aborting
fatal: Cannot fast-forward your working tree.
After making sure that you saved anything precious from
$ git diff d3bb21eef34519aeb5c857658661d7d7e8ee24ef
output, run
$ git reset --hard
to recover.




**********************
Windows PowerShell 脚本结束
结束时间: 20260706111113
**********************
