**********************
Windows PowerShell 脚本开始
开始时间: 20260619091001
用户名: SJTU-CXY\12257
RunAs 用户: SJTU-CXY\12257
配置名称: 
计算机: SJTU-CXY (Microsoft Windows NT 10.0.26200.0)
主机应用程序: powershell.exe -NoProfile -ExecutionPolicy Bypass -File C:\Users\12257\Documents\research-news\run_daily.ps1
进程 ID: 29992
PSVersion: 5.1.26100.8655
PSEdition: Desktop
PSCompatibleVersions: 1.0, 2.0, 3.0, 4.0, 5.0, 5.1.26100.8655
BuildVersion: 10.0.26100.8655
CLRVersion: 4.0.30319.42000
WSManStackVersion: 3.0
PSRemotingProtocolVersion: 2.3
SerializationVersion: 1.1.0.1
**********************
        docs/deep_reads/2026-06-19-10.1002_sim.70605.md
        docs/deep_reads/2026-06-19-10.1002_sim.70606.md
        docs/deep_reads/2026-06-19-10.1002_sim.70608.md
        docs/deep_reads/2026-06-19-10.1002_sim.70610.md
        docs/deep_reads/2026-06-19-10.1002_sim.70611.md
        docs/deep_reads/2026-06-19-10.1002_sim.70612.md
        docs/deep_reads/2026-06-19-10.1002_sim.70615.md
        docs/deep_reads/2026-06-19-10.1002_sim.70619.md
        docs/deep_reads/2026-06-19-10.1002_sim.70620.md
        docs/deep_reads/2026-06-19-10.1002_sim.70621.md
        docs/deep_reads/2026-06-19-10.1002_sim.70623.md
        docs/deep_reads/2026-06-19-10.1002_sim.70624.md
        docs/deep_reads/2026-06-19-10.1002_sim.70628.md
        docs/deep_reads/2026-06-19-10.1002_sim.70629.md
        docs/deep_reads/2026-06-19-10.1002_sim.70630.md
        docs/deep_reads/2026-06-19-10.1002_sim.70633.md
        docs/deep_reads/2026-06-19-10.1002_sim.70634.md
        docs/deep_reads/2026-06-19-10.1002_sim.70636.md
        docs/journals/2026-06-19-statmed-v45-i10-12.md
        docs/journals/2026-06-19-statmed-v45-i13-14.md
        logs/run-2026-06-19-sjtu-cxy.log
Please move or remove them before you merge.
Aborting
fatal: Cannot fast-forward your working tree.
After making sure that you saved anything precious from
$ git diff 31400d8585d57be44ca1db571edb6c95525d6d45
output, run
$ git reset --hard
to recover.




**********************
Windows PowerShell 脚本结束
结束时间: 20260619100025
**********************
