**********************
Windows PowerShell 脚本开始
开始时间: 20260624091001
用户名: SJTU-CXY\12257
RunAs 用户: SJTU-CXY\12257
配置名称: 
计算机: SJTU-CXY (Microsoft Windows NT 10.0.26200.0)
主机应用程序: powershell.exe -NoProfile -ExecutionPolicy Bypass -File C:\Users\12257\Documents\research-news\run_daily.ps1
进程 ID: 45808
PSVersion: 5.1.26100.8655
PSEdition: Desktop
PSCompatibleVersions: 1.0, 2.0, 3.0, 4.0, 5.0, 5.1.26100.8655
BuildVersion: 10.0.26100.8655
CLRVersion: 4.0.30319.42000
WSManStackVersion: 3.0
PSRemotingProtocolVersion: 2.3
SerializationVersion: 1.1.0.1
**********************
        docs/deep_reads/2026-06-24-10.1097_ede.0000000000001856.md
        docs/deep_reads/2026-06-24-10.1097_ede.0000000000001858.md
        docs/deep_reads/2026-06-24-10.1097_ede.0000000000001859.md
        docs/deep_reads/2026-06-24-10.1097_ede.0000000000001860.md
        docs/deep_reads/2026-06-24-10.1097_ede.0000000000001861.md
        docs/deep_reads/2026-06-24-10.1097_ede.0000000000001862.md
        docs/deep_reads/2026-06-24-10.1097_ede.0000000000001863.md
        docs/deep_reads/2026-06-24-10.1097_ede.0000000000001864.md
        docs/deep_reads/2026-06-24-10.1097_ede.0000000000001865.md
        docs/deep_reads/2026-06-24-10.1097_ede.0000000000001866.md
        docs/deep_reads/2026-06-24-10.1097_ede.0000000000001867.md
        docs/deep_reads/2026-06-24-10.1097_ede.0000000000001868.md
        docs/deep_reads/2026-06-24-10.1097_ede.0000000000001869.md
        docs/deep_reads/2026-06-24-10.1097_ede.0000000000001986.md
        docs/journals/2026-06-24-epidemiology-v36-i1.md
        docs/journals/2026-06-24-epidemiology-v36-i2.md
        docs/journals/2026-06-24-epidemiology-v36-i3.md
        docs/journals/2026-06-24-epidemiology-v36-i4.md
        docs/journals/2026-06-24-epidemiology-v37-i1S.md
        docs/journals/2026-06-24-epidemiology-v37-i4.md
        logs/run-2026-06-24-sjtu-cxy.log
Please move or remove them before you merge.
Aborting
fatal: Cannot fast-forward your working tree.
After making sure that you saved anything precious from
$ git diff daf566e6de237027bab69e66d4392d06ea25f0ab
output, run
$ git reset --hard
to recover.




**********************
Windows PowerShell 脚本结束
结束时间: 20260624104958
**********************
