**********************
Windows PowerShell 脚本开始
开始时间: 20260702163537
用户名: SJTU-CXY\12257
RunAs 用户: SJTU-CXY\12257
配置名称: 
计算机: SJTU-CXY (Microsoft Windows NT 10.0.26200.0)
主机应用程序: powershell.exe -NoProfile -ExecutionPolicy Bypass -File C:\Users\12257\Documents\research-news\run_daily.ps1
进程 ID: 16620
PSVersion: 5.1.26100.8737
PSEdition: Desktop
PSCompatibleVersions: 1.0, 2.0, 3.0, 4.0, 5.0, 5.1.26100.8737
BuildVersion: 10.0.26100.8737
CLRVersion: 4.0.30319.42000
WSManStackVersion: 3.0
PSRemotingProtocolVersion: 2.3
SerializationVersion: 1.1.0.1
**********************
使用“1”个参数调用“WaitOne”时发生异常:“由于出现被放弃的 mutex，等待过程结束。”
所在位置 C:\Users\12257\Documents\research-news\run_daily.ps1:31 字符: 5
+ if (-not $mutex.WaitOne([TimeSpan]::FromHours(3))) {
+     ~~~~~~~~~~~~~~~~~~~~~~~~~~~~~~~~~~~~~~~~~~~~~
    + CategoryInfo          : NotSpecified: (:) [], MethodInvocationException
    + FullyQualifiedErrorId : AbandonedMutexException
使用“1”个参数调用“WaitOne”时发生异常:“由于出现被放弃的 mutex，等待过程结束。”
所在位置 C:\Users\12257\Documents\research-news\run_daily.ps1:31 字符: 5
+ if (-not $mutex.WaitOne([TimeSpan]::FromHours(3))) {
+     ~~~~~~~~~~~~~~~~~~~~~~~~~~~~~~~~~~~~~~~~~~~~~
    + CategoryInfo          : NotSpecified: (:) [], MethodInvocationException
    + FullyQualifiedErrorId : AbandonedMutexException

